Admin@DESKTOP-32CE68O MINGW64 ~/my-first-repo (feature-1)
$ git switch master
Switched to branch 'master'

Admin@DESKTOP-32CE68O MINGW64 ~/my-first-repo (master)
$ git merge feature-1
Merge made by the 'ort' strategy.
 day1.txt | 1 +
 1 file changed, 1 insertion(+)

Admin@DESKTOP-32CE68O MINGW64 ~/my-first-repo (master)
$ git log --oneline
dcc5e65 (HEAD -> master) Merge branch Merge branch 'feature-1'
15c871a (feature-1) recursive merge
70348be added merge subcommand
58ce944 updated subcommands
af479d6 change in feature-1 branch
31f6586 renamed myfile.txt as day1.txt
244d777 reset history, should only be used till changes are in local repo
0c83f3a Added README with Topics
7999fd2 added change 3
4201263 added change 2
d333f90 added change 1
05556d1 adding new file

Admin@DESKTOP-32CE68O MINGW64 ~/my-first-repo (master)
$ git log --oneline master
dcc5e65 (HEAD -> master) Merge branch Merge branch 'feature-1'
15c871a (feature-1) recursive merge
70348be added merge subcommand
58ce944 updated subcommands
af479d6 change in feature-1 branch
31f6586 renamed myfile.txt as day1.txt
244d777 reset history, should only be used till changes are in local repo
0c83f3a Added README with Topics
7999fd2 added change 3
4201263 added change 2
d333f90 added change 1
05556d1 adding new file

Admin@DESKTOP-32CE68O MINGW64 ~/my-first-repo (master)
$ 15c871a (feature-1) recursive merge
bash: syntax error near unexpected token `feature-1'

Admin@DESKTOP-32CE68O MINGW64 ~/my-first-repo (master)
$ git switch feature1
fatal: invalid reference: feature1

Admin@DESKTOP-32CE68O MINGW64 ~/my-first-repo (master)
$ git switch feature-1
Switched to branch 'feature-1'

Admin@DESKTOP-32CE68O MINGW64 ~/my-first-repo (feature-1)
$ git merge master
Updating 15c871a..dcc5e65
Fast-forward
 README.md | 4 +++-
 1 file changed, 3 insertions(+), 1 deletion(-)

Admin@DESKTOP-32CE68O MINGW64 ~/my-first-repo (feature-1)
$ git status --oneline
error: unknown option `oneline'
usage: git status [<options>] [--] [<pathspec>...]

    -v, --[no-]verbose    be verbose
    -s, --[no-]short      show status concisely
    -b, --[no-]branch     show branch information
    --[no-]show-stash     show stash information
    --[no-]ahead-behind   compute full ahead/behind values
    --[no-]porcelain[=<version>]
                          machine-readable output
    --[no-]long           show status in long format (default)
    -z, --[no-]null       terminate entries with NUL
    -u, --[no-]untracked-files[=<mode>]
                          show untracked files, optional modes: all, normal, no. (Default: all)
    --[no-]ignored[=<mode>]
                          show ignored files, optional modes: traditional, matching, no. (Default: traditional)
    --[no-]ignore-submodules[=<when>]
                          ignore changes to submodules, optional when: all, dirty, untracked. (Default: all)
    --[no-]column[=<style>]
                          list untracked files in columns
    --no-renames          do not detect renames
    --renames             opposite of --no-renames
    -M, --find-renames[=<n>]
                          detect renames, optionally set similarity index


Admin@DESKTOP-32CE68O MINGW64 ~/my-first-repo (feature-1)
$  git log --oneline
dcc5e65 (HEAD -> feature-1, master) Merge branch Merge branch 'feature-1'
15c871a recursive merge
70348be added merge subcommand
58ce944 updated subcommands
af479d6 change in feature-1 branch
31f6586 renamed myfile.txt as day1.txt
244d777 reset history, should only be used till changes are in local repo
0c83f3a Added README with Topics
7999fd2 added change 3
4201263 added change 2
d333f90 added change 1
05556d1 adding new file

Admin@DESKTOP-32CE68O MINGW64 ~/my-first-repo (feature-1)
$   echo "#### This is in F1 for merge Conflict demo" >> day1.txt

Admin@DESKTOP-32CE68O MINGW64 ~/my-first-repo (feature-1)
$  echo "################### Feature -1 ###################" >> day1.txt

Admin@DESKTOP-32CE68O MINGW64 ~/my-first-repo (feature-1)
$ echo "[INFO] I am added in Feature-1 Branch" >> day2.f1

Admin@DESKTOP-32CE68O MINGW64 ~/my-first-repo (feature-1)
$  git status
On branch feature-1
Changes not staged for commit:
  (use "git add <file>..." to update what will be committed)
  (use "git restore <file>..." to discard changes in working directory)
        modified:   day1.txt

Untracked files:
  (use "git add <file>..." to include in what will be committed)
        day2.f1

no changes added to commit (use "git add" and/or "git commit -a")

Admin@DESKTOP-32CE68O MINGW64 ~/my-first-repo (feature-1)
$ git add -all
error: did you mean `--all` (with two dashes)?

Admin@DESKTOP-32CE68O MINGW64 ~/my-first-repo (feature-1)
$ git add --all

Admin@DESKTOP-32CE68O MINGW64 ~/my-first-repo (feature-1)
$  git commit -m "merge demo - f1"
[feature-1 23f823b] merge demo - f1
 2 files changed, 3 insertions(+)
 create mode 100644 day2.f1

Admin@DESKTOP-32CE68O MINGW64 ~/my-first-repo (feature-1)
$ git status
On branch feature-1
nothing to commit, working tree clean

Admin@DESKTOP-32CE68O MINGW64 ~/my-first-repo (feature-1)
$ git switch master
Switched to branch 'master'

Admin@DESKTOP-32CE68O MINGW64 ~/my-first-repo (master)
$  echo "#### This is in Master for merge Conflict demo" >> day1.txt

Admin@DESKTOP-32CE68O MINGW64 ~/my-first-repo (master)
$ echo "################### Master ###################" >> day1.txt

Admin@DESKTOP-32CE68O MINGW64 ~/my-first-repo (master)
$ ^[[200~echo "[INFO] I am added in Master Branch" >> day2.master~
bash: $'\E[200~echo': command not found

Admin@DESKTOP-32CE68O MINGW64 ~/my-first-repo (master)
$ echo "[INFO] I am added in Master Branch" >> day2.master

Admin@DESKTOP-32CE68O MINGW64 ~/my-first-repo (master)
$ git add .

Admin@DESKTOP-32CE68O MINGW64 ~/my-first-repo (master)
$ git status
On branch master
Changes to be committed:
  (use "git restore --staged <file>..." to unstage)
        modified:   day1.txt
        new file:   day2.master
        new file:   day2.master~


Admin@DESKTOP-32CE68O MINGW64 ~/my-first-repo (master)
$  git commit -m "merge demo - master"
[master 285d00e] merge demo - master
 3 files changed, 3 insertions(+)
 create mode 100644 day2.master
 create mode 100644 day2.master~

Admin@DESKTOP-32CE68O MINGW64 ~/my-first-repo (master)
$ git log --oneline
285d00e (HEAD -> master) merge demo - master
dcc5e65 Merge branch Merge branch 'feature-1'
15c871a recursive merge
70348be added merge subcommand
58ce944 updated subcommands
af479d6 change in feature-1 branch
31f6586 renamed myfile.txt as day1.txt
244d777 reset history, should only be used till changes are in local repo
0c83f3a Added README with Topics
7999fd2 added change 3
4201263 added change 2
d333f90 added change 1
05556d1 adding new file

Admin@DESKTOP-32CE68O MINGW64 ~/my-first-repo (master)
$ git log --oneline feature-1
23f823b (feature-1) merge demo - f1
dcc5e65 Merge branch Merge branch 'feature-1'
15c871a recursive merge
70348be added merge subcommand
58ce944 updated subcommands
af479d6 change in feature-1 branch
31f6586 renamed myfile.txt as day1.txt
244d777 reset history, should only be used till changes are in local repo
0c83f3a Added README with Topics
7999fd2 added change 3
4201263 added change 2
d333f90 added change 1
05556d1 adding new file

Admin@DESKTOP-32CE68O MINGW64 ~/my-first-repo (master)
$ git log
commit 285d00e545067691a1860a86b15b4aaf9e9d9b76 (HEAD -> master)
Author: Itashi20 <itashi1903@gmail.com>
Date:   Mon Mar 11 20:54:56 2024 -0700

    merge demo - master

commit dcc5e65f69b337a5a9d6355a84ed201432f369e8
Merge: 70348be 15c871a
Author: Itashi20 <itashi1903@gmail.com>
Date:   Mon Mar 11 02:07:31 2024 -0700

    Merge branch Merge branch 'feature-1'

commit 15c871afac234a1446b01b25684caa7e6deebd17
Author: Itashi20 <itashi1903@gmail.com>
Date:   Mon Mar 11 02:06:32 2024 -0700

    recursive merge

commit 70348becffb03574d42402b25fb648fde75a358c
Author: Itashi20 <itashi1903@gmail.com>
Date:   Mon Mar 11 02:05:28 2024 -0700

    added merge subcommand

commit 58ce944341990a5aa52a5c06ccdfe351e6f0541f
Author: Itashi20 <itashi1903@gmail.com>
Date:   Mon Mar 11 01:07:45 2024 -0700

    updated subcommands

commit af479d6dc743a266b876ec6b1fe5847a1ff72876
Author: Itashi20 <itashi1903@gmail.com>
Date:   Mon Mar 11 01:07:19 2024 -0700

    change in feature-1 branch

commit 31f6586f0f1b866212eb63bfe06a423aca22b339
Author: Itashi20 <itashi1903@gmail.com>
Date:   Mon Mar 11 00:48:59 2024 -0700

    renamed myfile.txt as day1.txt

commit 244d777827170dd1fbaf51567264772621e48919
Author: Itashi20 <itashi1903@gmail.com>
Date:   Mon Mar 11 00:30:02 2024 -0700

    reset history, should only be used till changes are in local repo

commit 0c83f3aba273c2904c0dd438178dbf825ef255c6
Author: Itashi20 <itashi1903@gmail.com>
Date:   Mon Mar 11 00:12:49 2024 -0700

    Added README with Topics

commit 7999fd2d87a139e7fa596581ae4186f84d138273
Author: Itashi20 <itashi1903@gmail.com>
Date:   Mon Mar 11 00:10:19 2024 -0700

    added change 3

commit 4201263fc912259fbae7bfde8b7b7a37f362bd8e
Author: Itashi20 <itashi1903@gmail.com>
Date:   Sun Mar 10 23:49:28 2024 -0700

    added change 2

commit d333f90d615b7b07186cc02e7931f3cd93e781d1
Author: Itashi20 <itashi1903@gmail.com>
Date:   Sun Mar 10 23:48:08 2024 -0700

    added change 1

commit 05556d1348b240e0548a103d10c107a1cc5fb500
Author: Itashi20 <itashi1903@gmail.com>
Date:   Sun Mar 10 23:44:34 2024 -0700

    adding new file

Admin@DESKTOP-32CE68O MINGW64 ~/my-first-repo (master)
$ git log -p
commit 285d00e545067691a1860a86b15b4aaf9e9d9b76 (HEAD -> master)
Author: Itashi20 <itashi1903@gmail.com>
Date:   Mon Mar 11 20:54:56 2024 -0700

    merge demo - master

diff --git a/day1.txt b/day1.txt
index 0a10cad..5e05eb3 100644
--- a/day1.txt
+++ b/day1.txt
@@ -9,3 +9,5 @@ Current time is Mon Mar 11 00:08:52 PDT 2024
 ############################################
 ##### Working on branches
 ##### Recursive Merge
+#### This is in Master for merge Conflict demo
+################### Master ###################
diff --git a/day2.master b/day2.master
new file mode 100644
index 0000000..1c70bf1
--- /dev/null
+++ b/day2.master
@@ -0,0 +1 @@
+[INFO] I am added in Master Branch
diff --git a/day2.master~ b/day2.master~
new file mode 100644
index 0000000..e69de29

commit dcc5e65f69b337a5a9d6355a84ed201432f369e8
Merge: 70348be 15c871a
Author: Itashi20 <itashi1903@gmail.com>
Date:   Mon Mar 11 02:07:31 2024 -0700

    Merge branch Merge branch 'feature-1'

commit 15c871afac234a1446b01b25684caa7e6deebd17
Author: Itashi20 <itashi1903@gmail.com>
Date:   Mon Mar 11 02:06:32 2024 -0700

    recursive merge

diff --git a/day1.txt b/day1.txt
index 46ac544..0a10cad 100644
--- a/day1.txt
+++ b/day1.txt
@@ -8,3 +8,4 @@ Current time is Mon Mar 11 00:08:52 PDT 2024
 ##################### Next GIT Sub Command
 ############################################
 ##### Working on branches
+##### Recursive Merge

commit 70348becffb03574d42402b25fb648fde75a358c
Author: Itashi20 <itashi1903@gmail.com>
Date:   Mon Mar 11 02:05:28 2024 -0700

    added merge subcommand

diff --git a/README.md b/README.md
index 0c9e3be..c1890ca 100644

Admin@DESKTOP-32CE68O MINGW64 ~/my-first-repo (master)
$

Admin@DESKTOP-32CE68O MINGW64 ~/my-first-repo (master)
$ git log -p feature-1
commit 23f823b2f69fcdba5899022db345ad3ff63c0187 (feature-1)
Author: Itashi20 <itashi1903@gmail.com>
Date:   Mon Mar 11 20:52:28 2024 -0700

    merge demo - f1

diff --git a/day1.txt b/day1.txt
index 0a10cad..14e35b3 100644
--- a/day1.txt
+++ b/day1.txt
@@ -9,3 +9,5 @@ Current time is Mon Mar 11 00:08:52 PDT 2024
 ############################################
 ##### Working on branches
 ##### Recursive Merge
+#### This is in F1 for merge Conflict demo
+################### Feature -1 ###################
diff --git a/day2.f1 b/day2.f1
new file mode 100644
index 0000000..400ff80
--- /dev/null
+++ b/day2.f1
@@ -0,0 +1 @@
+[INFO] I am added in Feature-1 Branch

commit dcc5e65f69b337a5a9d6355a84ed201432f369e8
Merge: 70348be 15c871a
Author: Itashi20 <itashi1903@gmail.com>
Date:   Mon Mar 11 02:07:31 2024 -0700

    Merge branch Merge branch 'feature-1'

commit 15c871afac234a1446b01b25684caa7e6deebd17
Author: Itashi20 <itashi1903@gmail.com>
Date:   Mon Mar 11 02:06:32 2024 -0700

    recursive merge

diff --git a/day1.txt b/day1.txt
index 46ac544..0a10cad 100644
--- a/day1.txt
+++ b/day1.txt
@@ -8,3 +8,4 @@ Current time is Mon Mar 11 00:08:52 PDT 2024
 ##################### Next GIT Sub Command
 ############################################
 ##### Working on branches
+##### Recursive Merge

commit 70348becffb03574d42402b25fb648fde75a358c
Author: Itashi20 <itashi1903@gmail.com>
Date:   Mon Mar 11 02:05:28 2024 -0700

    added merge subcommand

diff --git a/README.md b/README.md
index 0c9e3be..c1890ca 100644
--- a/README.md
+++ b/README.md
@@ -1,3 +1,5 @@

Admin@DESKTOP-32CE68O MINGW64 ~/my-first-repo (master)
$

Admin@DESKTOP-32CE68O MINGW64 ~/my-first-repo (master)
$ git merge feature-1
Auto-merging day1.txt
CONFLICT (content): Merge conflict in day1.txt
Automatic merge failed; fix conflicts and then commit the result.

Admin@DESKTOP-32CE68O MINGW64 ~/my-first-repo (master|MERGING)
$  git commit -am "Resolved conflicts while merging feature-1"
[master 679d454] Resolved conflicts while merging feature-1

Admin@DESKTOP-32CE68O MINGW64 ~/my-first-repo (master)
$  git commit -am "Resolved conflicts while merging feature-1"
[master d8336df] Resolved conflicts while merging feature-1
 1 file changed, 1 insertion(+), 3 deletions(-)

Admin@DESKTOP-32CE68O MINGW64 ~/my-first-repo (master)
$ git status
On branch master
nothing to commit, working tree clean

Admin@DESKTOP-32CE68O MINGW64 ~/my-first-repo (master)
$ git log --oneline
d8336df (HEAD -> master) Resolved conflicts while merging feature-1
679d454 Resolved conflicts while merging feature-1
285d00e merge demo - master
23f823b (feature-1) merge demo - f1
dcc5e65 Merge branch Merge branch 'feature-1'
15c871a recursive merge
70348be added merge subcommand
58ce944 updated subcommands
af479d6 change in feature-1 branch
31f6586 renamed myfile.txt as day1.txt
244d777 reset history, should only be used till changes are in local repo
0c83f3a Added README with Topics
7999fd2 added change 3
4201263 added change 2
d333f90 added change 1
05556d1 adding new file

Admin@DESKTOP-32CE68O MINGW64 ~/my-first-repo (master)
$ echo "####change new demo" >>day1.txt

Admin@DESKTOP-32CE68O MINGW64 ~/my-first-repo (master)
$ $ echo "####change new demo" >>day2.f1
bash: $: command not found

Admin@DESKTOP-32CE68O MINGW64 ~/my-first-repo (master)
$ echo "####change new demo" >>day2.f1

Admin@DESKTOP-32CE68O MINGW64 ~/my-first-repo (master)
$  echo "####change new demo" >>day2.master

Admin@DESKTOP-32CE68O MINGW64 ~/my-first-repo (master)
$

Admin@DESKTOP-32CE68O MINGW64 ~/my-first-repo (master)
$ git commit -am "changes made"
[master 89e1675] changes made
 3 files changed, 3 insertions(+), 1 deletion(-)

Admin@DESKTOP-32CE68O MINGW64 ~/my-first-repo (master)
$ cat day1.txt
Current time is Sun Mar 10 23:46:50 PDT 2024
############################################
Current time is Sun Mar 10 23:48:53 PDT 2024
############################################
Current time is Mon Mar 11 00:08:52 PDT 2024
############################################
############################################
##################### Next GIT Sub Command
############################################
##### Working on branches
##### Recursive Merge
#### This is in Master for merge Conflict demo
################### Master ###################
#### This is in F1 for merge Conflict demo
################### Feature -1 ###################
#merge conflict resolved####change new demo

Admin@DESKTOP-32CE68O MINGW64 ~/my-first-repo (master)
$ cat day2.f1
[INFO] I am added in Feature-1 Branch
####change new demo

Admin@DESKTOP-32CE68O MINGW64 ~/my-first-repo (master)
$ cat day2.master
[INFO] I am added in Master Branch
####change new demo

Admin@DESKTOP-32CE68O MINGW64 ~/my-first-repo (master)
$ git log --oneline
89e1675 (HEAD -> master) changes made
d8336df Resolved conflicts while merging feature-1
679d454 Resolved conflicts while merging feature-1
285d00e merge demo - master
23f823b (feature-1) merge demo - f1
dcc5e65 Merge branch Merge branch 'feature-1'
15c871a recursive merge
70348be added merge subcommand
58ce944 updated subcommands
af479d6 change in feature-1 branch
31f6586 renamed myfile.txt as day1.txt
244d777 reset history, should only be used till changes are in local repo
0c83f3a Added README with Topics
7999fd2 added change 3
4201263 added change 2
d333f90 added change 1
05556d1 adding new file

Admin@DESKTOP-32CE68O MINGW64 ~/my-first-repo (master)
$ git revert 89e1675
[master a1d5fb1] Revert "changes made"
 3 files changed, 1 insertion(+), 3 deletions(-)

Admin@DESKTOP-32CE68O MINGW64 ~/my-first-repo (master)
$ cat day2.master
[INFO] I am added in Master Branch

Admin@DESKTOP-32CE68O MINGW64 ~/my-first-repo (master)
$ cat day2.f1
[INFO] I am added in Feature-1 Branch

Admin@DESKTOP-32CE68O MINGW64 ~/my-first-repo (master)
$ cat day1.txt
Current time is Sun Mar 10 23:46:50 PDT 2024
############################################
Current time is Sun Mar 10 23:48:53 PDT 2024
############################################
Current time is Mon Mar 11 00:08:52 PDT 2024
############################################
############################################
##################### Next GIT Sub Command
############################################
##### Working on branches
##### Recursive Merge
#### This is in Master for merge Conflict demo
################### Master ###################
#### This is in F1 for merge Conflict demo
################### Feature -1 ###################
#merge conflict resolved
Admin@DESKTOP-32CE68O MINGW64 ~/my-first-repo (master)
$ git remote -v

Admin@DESKTOP-32CE68O MINGW64 ~/my-first-repo (master)
$ git remote add origin git@bitbucket.org:practice-devops1/myfirstrepo.git

Admin@DESKTOP-32CE68O MINGW64 ~/my-first-repo (master)
$ git remote -v
origin  git@bitbucket.org:practice-devops1/myfirstrepo.git (fetch)
origin  git@bitbucket.org:practice-devops1/myfirstrepo.git (push)

Admin@DESKTOP-32CE68O MINGW64 ~/my-first-repo (master)
$ ssh-keygen.exe -t rsa
Generating public/private rsa key pair.
Enter file in which to save the key (/c/Users/Admin/.ssh/id_rsa):
Created directory '/c/Users/Admin/.ssh'.
Enter passphrase (empty for no passphrase):
Enter same passphrase again:
Your identification has been saved in /c/Users/Admin/.ssh/id_rsa
Your public key has been saved in /c/Users/Admin/.ssh/id_rsa.pub
The key fingerprint is:
SHA256:pSzY7tZAIqJGUGYXoL6AumCYyQ4S0Y7msCzj0KrX1Ow Admin@DESKTOP-32CE68O
The key's randomart image is:
+---[RSA 3072]----+
| .=.o.           |
|.= .             |
|+ .       .      |
|+=. .o.. o       |
|O+...=o S        |
|@B. ..+.         |
|#*.o ..o         |
|X+. ..E .        |
|=+   ..          |
+----[SHA256]-----+

Admin@DESKTOP-32CE68O MINGW64 ~/my-first-repo (master)
$ cat /c/Users/Admin/.ssh/id_rsa.pub
ssh-rsa AAAAB3NzaC1yc2EAAAADAQABAAABgQDCHqioDxrJAKV098UFNcHaKOmLR5IT4xsUhaUM+/HfNC7K+nw5m2lJ6h+Sl1rz4ts7p5AGmSLSL0dawiEzJJlabG1EZry01sOLFPeBqlRnIOq/jcGcx0tnAAw9/1x3ZGHSY7Os/M4sAxhoSEN8OVkdJOzUu7rOQ9ZC5oX9hv4ElW7ZqwMIpmRl6glfPDUT4jsRprsVYBFtpHySf+CEpEnr0RlS20zfvfBlAg3nKSZ/H1YjFAEtwXeTqinJgqvhjcQebhQUxLBD40qxxGtYdmLOF/rQKQuGS5sjCqN4ApZ2k4U8qaBG2rjl0O2LU12JZicdx6kM3HHr2vPo97q3zuenoRxjcmB2L76FFqOEJvNZYJPAFrWwDnWAcjB/JyjR9sjaTABU3dUtzSHkFrstxZ0rV1G8aMHRLu9i4q0waWSFVEKHR0nBaoSmmhE8qK7ldSPVFTslXDxL+1VCOqTP0VKPs/mVlO8Dq+xgJR/Ix6VyKVBo7EXUGYZH3aJNFT9l59c= Admin@DESKTOP-32CE68O

Admin@DESKTOP-32CE68O MINGW64 ~/my-first-repo (master)
$ git pull origin master
The authenticity of host 'bitbucket.org (104.192.141.1)' can't be established.
ED25519 key fingerprint is SHA256:ybgmFkzwOSotHTHLJgHO0QN8L0xErw6vd0VhFA9m3SM.
This key is not known by any other names.
Are you sure you want to continue connecting (yes/no/[fingerprint])? yes
Warning: Permanently added 'bitbucket.org' (ED25519) to the list of known hosts.
fatal: couldn't find remote ref master

Admin@DESKTOP-32CE68O MINGW64 ~/my-first-repo (master)
$ fatal: the remote end hung up unexpectedly


Admin@DESKTOP-32CE68O MINGW64 ~/my-first-repo (master)
$ git push origin master
Enumerating objects: 54, done.
Counting objects: 100% (54/54), done.
Delta compression using up to 4 threads
Compressing objects: 100% (44/44), done.
Writing objects: 100% (54/54), 5.01 KiB | 640.00 KiB/s, done.
Total 54 (delta 12), reused 0 (delta 0), pack-reused 0 (from 0)
To bitbucket.org:practice-devops1/myfirstrepo.git
 * [new branch]      master -> master

Admin@DESKTOP-32CE68O MINGW64 ~/my-first-repo (master)
$ git branch
  feature-1
* master

Admin@DESKTOP-32CE68O MINGW64 ~/my-first-repo (master)
$ git push origin feature-1
Total 0 (delta 0), reused 0 (delta 0), pack-reused 0 (from 0)
remote:
remote: Create pull request for feature-1:
remote:   https://bitbucket.org/practice-devops1/myfirstrepo/pull-requests/new?source=feature-1&t=1
remote:
To bitbucket.org:practice-devops1/myfirstrepo.git
 * [new branch]      feature-1 -> feature-1

Admin@DESKTOP-32CE68O MINGW64 ~/my-first-repo (master)
$ git switch feature-1
Switched to branch 'feature-1'

Admin@DESKTOP-32CE68O MINGW64 ~/my-first-repo (feature-1)
$ echo "##################################" >>day2.f1

Admin@DESKTOP-32CE68O MINGW64 ~/my-first-repo (feature-1)
$  echo "##################################" >>day2.f1

Admin@DESKTOP-32CE68O MINGW64 ~/my-first-repo (feature-1)
$  echo "###########Remote branch#######################" >>day2.f1

Admin@DESKTOP-32CE68O MINGW64 ~/my-first-repo (feature-1)
$ git commit -am "remote-demo1"
[feature-1 a11aaa1] remote-demo1
 1 file changed, 3 insertions(+)

Admin@DESKTOP-32CE68O MINGW64 ~/my-first-repo (feature-1)
$ echo "####################################">>day2.f1

Admin@DESKTOP-32CE68O MINGW64 ~/my-first-repo (feature-1)
$ echo """""""""""""remote demo commit-2">>day2.f1

Admin@DESKTOP-32CE68O MINGW64 ~/my-first-repo (feature-1)
$ git commit -am "remote-demo2"
[feature-1 bc40322] remote-demo2
 1 file changed, 2 insertions(+)

Admin@DESKTOP-32CE68O MINGW64 ~/my-first-repo (feature-1)
$ git push origin feature-1
Enumerating objects: 8, done.
Counting objects: 100% (8/8), done.
Delta compression using up to 4 threads
Compressing objects: 100% (6/6), done.
Writing objects: 100% (6/6), 543 bytes | 543.00 KiB/s, done.
Total 6 (delta 3), reused 0 (delta 0), pack-reused 0 (from 0)
remote:
remote: Create pull request for feature-1:
remote:   https://bitbucket.org/practice-devops1/myfirstrepo/pull-requests/new?source=feature-1&t=1
remote:
To bitbucket.org:practice-devops1/myfirstrepo.git
   23f823b..bc40322  feature-1 -> feature-1

Admin@DESKTOP-32CE68O MINGW64 ~/my-first-repo (feature-1)
$ git branch
* feature-1
  master

Admin@DESKTOP-32CE68O MINGW64 ~/my-first-repo (feature-1)
$ git branch -r
  origin/feature-1
  origin/master

Admin@DESKTOP-32CE68O MINGW64 ~/my-first-repo (feature-1)
$ git branch -a
* feature-1
  master
  remotes/origin/feature-1
  remotes/origin/master

Admin@DESKTOP-32CE68O MINGW64 ~/my-first-repo (feature-1)
$ git switch master
Switched to branch 'master'

Admin@DESKTOP-32CE68O MINGW64 ~/my-first-repo (master)
$ git pull origin master
remote: Enumerating objects: 4, done.
remote: Counting objects: 100% (4/4), done.
remote: Compressing objects: 100% (2/2), done.
remote: Total 2 (delta 1), reused 0 (delta 0), pack-reused 0
Unpacking objects: 100% (2/2), 278 bytes | 69.00 KiB/s, done.
From bitbucket.org:practice-devops1/myfirstrepo
 * branch            master     -> FETCH_HEAD
   a1d5fb1..6d9c5c1  master     -> origin/master
Updating a1d5fb1..6d9c5c1
Fast-forward
 day2.f1 | 5 +++++
 1 file changed, 5 insertions(+)

Admin@DESKTOP-32CE68O MINGW64 ~/my-first-repo (master)
$ git switch feature-1
Switched to branch 'feature-1'

Admin@DESKTOP-32CE68O MINGW64 ~/my-first-repo (feature-1)
$ git branch
* feature-1
  master

Admin@DESKTOP-32CE68O MINGW64 ~/my-first-repo (feature-1)
$ git switch master
Switched to branch 'master'

Admin@DESKTOP-32CE68O MINGW64 ~/my-first-repo (master)
$ git log --oneline
6d9c5c1 (HEAD -> master, origin/master) Merged in feature-1 (pull request #1)
bc40322 (origin/feature-1, feature-1) remote-demo2
a11aaa1 remote-demo1
a1d5fb1 Revert "changes made"
89e1675 changes made
d8336df Resolved conflicts while merging feature-1
679d454 Resolved conflicts while merging feature-1
285d00e merge demo - master
23f823b merge demo - f1
dcc5e65 Merge branch Merge branch 'feature-1'
15c871a recursive merge
70348be added merge subcommand
58ce944 updated subcommands
af479d6 change in feature-1 branch
31f6586 renamed myfile.txt as day1.txt
244d777 reset history, should only be used till changes are in local repo
0c83f3a Added README with Topics
7999fd2 added change 3
4201263 added change 2
d333f90 added change 1
05556d1 adding new file

Admin@DESKTOP-32CE68O MINGW64 ~/my-first-repo (master)
